[demo.bootstrapious.com/university/1-1-1/index.html]
[backblue.gif]
[fade.gif]
[index.html]
[d19m59y37dris4.cloudfront.net/university/1-1-1/vendor/bootstrap/css/bootstrap.min.css]
[d19m59y37dris4.cloudfront.net/university/1-1-1/vendor/font-awesome/css/font-awesome.min.css]
[d19m59y37dris4.cloudfront.net/university/1-1-1/css/font.css]
[d19m59y37dris4.cloudfront.net/university/1-1-1/vendor/swiper/css/swiper.css]
[d19m59y37dris4.cloudfront.net/university/1-1-1/vendor/lity/lity.css]
[d19m59y37dris4.cloudfront.net/university/1-1-1/vendor/bootstrap-select/css/bootstrap-select.css]
[d19m59y37dris4.cloudfront.net/university/1-1-1/css/style.default.css]
[demo.bootstrapious.com/university/1-1-1/courses.html]
[demo.bootstrapious.com/university/1-1-1/staff.html]
[demo.bootstrapious.com/university/1-1-1/courses-2.html]
[demo.bootstrapious.com/university/1-1-1/course-detail.html]
[demo.bootstrapious.com/university/1-1-1/blog.html]
[demo.bootstrapious.com/university/1-1-1/blog-post.html]
[demo.bootstrapious.com/university/1-1-1/text.html]
[demo.bootstrapious.com/university/1-1-1/staff-detail.html]
[d19m59y37dris4.cloudfront.net/university/1-1-1/img/hero-img.jpg]
[d19m59y37dris4.cloudfront.net/university/1-1-1/img/hero-img-2.jpg]
[d19m59y37dris4.cloudfront.net/university/1-1-1/img/hero-img-3.jpg]
[d19m59y37dris4.cloudfront.net/university/1-1-1/img/boxes-img-1.jpg]
[d19m59y37dris4.cloudfront.net/university/1-1-1/img/boxes-img-2.jpg]
[d19m59y37dris4.cloudfront.net/university/1-1-1/img/boxes-img-3.jpg]
[d19m59y37dris4.cloudfront.net/university/1-1-1/img/signature.png]
[d19m59y37dris4.cloudfront.net/university/1-1-1/img/tour-bg.jpg]
[d19m59y37dris4.cloudfront.net/university/1-1-1/img/news-bg.jpg]
[d19m59y37dris4.cloudfront.net/university/1-1-1/img/events-img-1.jpg]
[d19m59y37dris4.cloudfront.net/university/1-1-1/img/events-img-2.jpg]
[d19m59y37dris4.cloudfront.net/university/1-1-1/img/events-img-3.jpg]
[d19m59y37dris4.cloudfront.net/university/1-1-1/img/blog-img.jpg]
[d19m59y37dris4.cloudfront.net/university/1-1-1/img/avatar.jpg]
[d19m59y37dris4.cloudfront.net/university/1-1-1/img/blog-img-2.jpg]
[d19m59y37dris4.cloudfront.net/university/1-1-1/img/avatar-2.jpg]
[d19m59y37dris4.cloudfront.net/university/1-1-1/img/blog-img-3.jpg]
[d19m59y37dris4.cloudfront.net/university/1-1-1/img/avatar-3.jpg]
[d19m59y37dris4.cloudfront.net/university/1-1-1/img/divider-bg.jpg]
[d19m59y37dris4.cloudfront.net/university/1-1-1/img/avatar-4.jpg]
[d19m59y37dris4.cloudfront.net/university/1-1-1/img/template-mac.png]
[d19m59y37dris4.cloudfront.net/university/1-1-1/vendor/jquery/jquery.min.js]
[d19m59y37dris4.cloudfront.net/university/1-1-1/vendor/popper.js/umd/popper.min.js]
[d19m59y37dris4.cloudfront.net/university/1-1-1/vendor/bootstrap/js/bootstrap.min.js]
[d19m59y37dris4.cloudfront.net/university/1-1-1/vendor/jquery.cookie/jquery.cookie.js]
[d19m59y37dris4.cloudfront.net/university/1-1-1/vendor/swiper/js/swiper.js]
[d19m59y37dris4.cloudfront.net/university/1-1-1/vendor/lity/lity.js]
[d19m59y37dris4.cloudfront.net/university/1-1-1/vendor/bootstrap-select/js/bootstrap-select.js]
[d19m59y37dris4.cloudfront.net/university/1-1-1/js/front.js]
[www.google-analytics.com/analytics.js]
[demo.bootstrapious.com/university/1-1-1/index.html]
[d19m59y37dris4.cloudfront.net/university/1-1-1/vendor/bootstrap/css/bootstrap.min.css]
[d19m59y37dris4.cloudfront.net/university/1-1-1/vendor/font-awesome/css/font-awesome.min.css]
[d19m59y37dris4.cloudfront.net/university/1-1-1/css/font.css]
[d19m59y37dris4.cloudfront.net/university/1-1-1/vendor/swiper/css/swiper.css]
[d19m59y37dris4.cloudfront.net/university/1-1-1/vendor/lity/lity.css]
[d19m59y37dris4.cloudfront.net/university/1-1-1/vendor/bootstrap-select/css/bootstrap-select.css]
[d19m59y37dris4.cloudfront.net/university/1-1-1/img/dots.png]
[d19m59y37dris4.cloudfront.net/university/1-1-1/css/style.default.css]
[d19m59y37dris4.cloudfront.net/university/1-1-1/css/custom.css]
[d19m59y37dris4.cloudfront.net/university/1-1-1/img/courses-banner.jpg]
[d19m59y37dris4.cloudfront.net/university/1-1-1/img/course-img-1.jpg]
[d19m59y37dris4.cloudfront.net/university/1-1-1/img/course-img-2.jpg]
[d19m59y37dris4.cloudfront.net/university/1-1-1/img/course-img-3.jpg]
[d19m59y37dris4.cloudfront.net/university/1-1-1/img/course-img-4.jpg]
[d19m59y37dris4.cloudfront.net/university/1-1-1/img/course-img-5.jpg]
[d19m59y37dris4.cloudfront.net/university/1-1-1/img/course-img-6.jpg]
[demo.bootstrapious.com/university/1-1-1/courses.html]
[d19m59y37dris4.cloudfront.net/university/1-1-1/img/staff-banner.jpg]
[d19m59y37dris4.cloudfront.net/university/1-1-1/img/teacher-1.jpg]
[d19m59y37dris4.cloudfront.net/university/1-1-1/img/teacher-2.jpg]
[d19m59y37dris4.cloudfront.net/university/1-1-1/img/teacher-3.jpg]
[d19m59y37dris4.cloudfront.net/university/1-1-1/img/teacher-4.jpg]
[d19m59y37dris4.cloudfront.net/university/1-1-1/img/teacher-5.jpg]
[d19m59y37dris4.cloudfront.net/university/1-1-1/img/teacher-6.jpg]
[d19m59y37dris4.cloudfront.net/university/1-1-1/img/teacher-7.jpg]
[demo.bootstrapious.com/university/1-1-1/staff.html]
[demo.bootstrapious.com/university/1-1-1/courses-2.html]
[d19m59y37dris4.cloudfront.net/university/1-1-1/img/course-details-img.jpg]
[demo.bootstrapious.com/university/1-1-1/course-detail.html]
[d19m59y37dris4.cloudfront.net/university/1-1-1/img/blog-banner.jpg]
[demo.bootstrapious.com/university/1-1-1/blog.html]
[d19m59y37dris4.cloudfront.net/university/1-1-1/img/blogpost-img.jpg]
[demo.bootstrapious.com/university/1-1-1/blog-post.html]
[demo.bootstrapious.com/university/1-1-1/text.html]
[demo.bootstrapious.com/university/1-1-1/staff-detail.html]
